app/layout.tsx(5,20): error TS2307: Cannot find module '@/components/Header' or its corresponding type declarations.
